WIFI clicked
[ 11786][E][sd_diskio.cpp:199] sdCommand(): Card Failed! cmd: 0x0d
[ 11792][E][sd_diskio.cpp:624] ff_sd_status(): Check status failed

assert failed: spi_hal_setup_trans IDF/components/hal/spi_hal_iram.c:68 (spi_ll_get_running_cmd(hw) == 0)


Backtrace: 0x40377b1a:0x3fcebb80 0x4037d5f9:0x3fcebba0 0x40384615:0x3fcebbc0 0x40382396:0x3fcebcf0 0x420923b9:0x3fcebd20 0x42092a31:0x3fcebd70 0x4208678a:0x3fcebdb0 0x420a93e9:0x3fcebdd0 0x420874f0:0x3fcebe00 0x420a8e43:0x3fcebe20 0x420031a2:0x3fcebe40 0x420036e9:0x3fcebe60 0x4200326c:0x3fcebe90 0x4201bdfd:0x3fcebeb0




ELF file SHA256: 2a0454274529e4bc

Rebooting...
ESP-ROM:esp32s3-20210327
Build:Mar 27 2021
rst:0xc (RTC_SW_CPU_RST),boot:0x28 (SPI_FAST_FLASH_BOOT)
Saved PC:0x40380988
SPIWP:0xee
mode:DIO, clock div:1
load:0x3fce3808,len:0x4bc
load:0x403c9700,len:0xbd8
load:0x403cc700,len:0x2a0c
entry 0x403c98d0
*wm:v2.0.17  D:2
WiFi: подключение...
*wm:AutoConnect 
*wm:Connecting to SAVED AP: Keenetic-0513
*wm:connectTimeout not set, ESP waitForConnectResult... 
*wm:AutoConnect: SUCCESS 
*wm:STA IP Address: 192.168.0.64
WiFi: подключено, IP: 192.168.0.64
SD: OK, 480 MB
Веб-сервер запущен на порту 80
=== READY ===
