!MAX_ENEMIES 2																						
!BASIC 2																						
!FAST 1																						
!HEAVY 1																						
!SNIPER 1																						
!BOSS 1																						
!KATYUSHA 10																						
																						
		#	#							P								#	#			
		#	#															#	#			
		#	#															#	#			
		#	#															#	#			
		#	#						@	@	@							#	#			
		#	#						@	G	@							#	#			
		#	#						@	@	@							#	#			
		~	~	~	~	~	~	~	~	~	~	~	~	~	~	~	~	~	~			
		~	~	~	~	~	~	~	~	~	~	~	~	~	~	~	~	~	~			
		~	~	~	~	~	~	~	~	~	~	~	~	~	~	~	~	~	~			
		~	~	~	~	~	~	~	~	~	~	~	~	~	~	~	~	~	~			
E		^	^	^	^	^	^	^	^	^	^	^	^	^	^	^	^	^	^			E
		^	^	^	^	^	^	^	^	E	^	^	^	^	^	^	^	^	^			
																						
																						
#	кирпичь																					
@	сталь																					
P	старт игрока																					
E	точка спавна врага																					
G	база																					
~	лёд																					
^	туман  (ели видно игрока)																					
.	пустота (можно не заполнять)																					
